################################################################################
#                                                                              #
#      IAR Universal Linker V5.7.0.39                                          #
#                                                                              #
#           Link time     =  18/Apr/2015  09:38:57                             #
#           Target CPU    =  x51                                               #
#           List file     =  "E:\DAMH2\Zigbee Code\Code Zigbee - ZStack-CC2530 #
#                            -2.5.1a\Projects\zstack\swrc135b\ide\srf05_cc2530 #
#                            _91\iar\temp\light_switch.map"                    #
#           Output file 1 =  "E:\DAMH2\Zigbee Code\Code Zigbee - ZStack-CC2530 #
#                            -2.5.1a\Projects\zstack\swrc135b\ide\srf05_cc2530 #
#                            _91\iar\light_switch.hex"                         #
#                            Format: intel-extended                            #
#           Output file 2 =  "E:\DAMH2\Zigbee Code\Code Zigbee - ZStack-CC2530 #
#                            -2.5.1a\Projects\zstack\swrc135b\ide\srf05_cc2530 #
#                            _91\iar\light_switch.d51"                         #
#                            Format: debug                                     #
#                            UBROF version 10.0.6                              #
#                            Using library modules for C-SPY (-rt)             #
#           Command line  =  "-IC:\Program Files\IAR Systems\Embedded Workbenc #
#                            h 6.5\8051\CONFIG\"                               #
#                            -D_NR_OF_BANKS=0x07 -D_CODEBANK_END=0xFFFF        #
#                            -D_CODEBANK_START=0x8000 -D?CBANK_MASK=0xFF       #
#                            -D?CBANK=0x9F                                     #
#                            "E:\DAMH2\Zigbee Code\Code Zigbee - ZStack-CC2530 #
#                            -2.5.1a\Projects\zstack\swrc135b\ide\srf05_cc2530 #
#                            _91\iar\temp\light_switch\adc.r51"                #
#                            "E:\DAMH2\Zigbee Code\Code Zigbee - ZStack-CC2530 #
#                            -2.5.1a\Projects\zstack\swrc135b\ide\srf05_cc2530 #
#                            _91\iar\temp\light_switch\basic_rf.r51"           #
#                            "E:\DAMH2\Zigbee Code\Code Zigbee - ZStack-CC2530 #
#                            -2.5.1a\Projects\zstack\swrc135b\ide\srf05_cc2530 #
#                            _91\iar\temp\light_switch\basic_rf_security.r51"  #
#                            "E:\DAMH2\Zigbee Code\Code Zigbee - ZStack-CC2530 #
#                            -2.5.1a\Projects\zstack\swrc135b\ide\srf05_cc2530 #
#                            _91\iar\temp\light_switch\clock.r51"              #
#                            "E:\DAMH2\Zigbee Code\Code Zigbee - ZStack-CC2530 #
#                            -2.5.1a\Projects\zstack\swrc135b\ide\srf05_cc2530 #
#                            _91\iar\temp\light_switch\hal_assert.r51"         #
#                            "E:\DAMH2\Zigbee Code\Code Zigbee - ZStack-CC2530 #
#                            -2.5.1a\Projects\zstack\swrc135b\ide\srf05_cc2530 #
#                            _91\iar\temp\light_switch\hal_board.r51"          #
#                            "E:\DAMH2\Zigbee Code\Code Zigbee - ZStack-CC2530 #
#                            -2.5.1a\Projects\zstack\swrc135b\ide\srf05_cc2530 #
#                            _91\iar\temp\light_switch\hal_button.r51"         #
#                            "E:\DAMH2\Zigbee Code\Code Zigbee - ZStack-CC2530 #
#                            -2.5.1a\Projects\zstack\swrc135b\ide\srf05_cc2530 #
#                            _91\iar\temp\light_switch\hal_digio.r51"          #
#                            "E:\DAMH2\Zigbee Code\Code Zigbee - ZStack-CC2530 #
#                            -2.5.1a\Projects\zstack\swrc135b\ide\srf05_cc2530 #
#                            _91\iar\temp\light_switch\hal_int.r51"            #
#                            "E:\DAMH2\Zigbee Code\Code Zigbee - ZStack-CC2530 #
#                            -2.5.1a\Projects\zstack\swrc135b\ide\srf05_cc2530 #
#                            _91\iar\temp\light_switch\hal_joystick.r51"       #
#                            "E:\DAMH2\Zigbee Code\Code Zigbee - ZStack-CC2530 #
#                            -2.5.1a\Projects\zstack\swrc135b\ide\srf05_cc2530 #
#                            _91\iar\temp\light_switch\hal_lcd_srf05.r51"      #
#                            "E:\DAMH2\Zigbee Code\Code Zigbee - ZStack-CC2530 #
#                            -2.5.1a\Projects\zstack\swrc135b\ide\srf05_cc2530 #
#                            _91\iar\temp\light_switch\hal_led.r51"            #
#                            "E:\DAMH2\Zigbee Code\Code Zigbee - ZStack-CC2530 #
#                            -2.5.1a\Projects\zstack\swrc135b\ide\srf05_cc2530 #
#                            _91\iar\temp\light_switch\hal_mcu.r51"            #
#                            "E:\DAMH2\Zigbee Code\Code Zigbee - ZStack-CC2530 #
#                            -2.5.1a\Projects\zstack\swrc135b\ide\srf05_cc2530 #
#                            _91\iar\temp\light_switch\hal_rf.r51"             #
#                            "E:\DAMH2\Zigbee Code\Code Zigbee - ZStack-CC2530 #
#                            -2.5.1a\Projects\zstack\swrc135b\ide\srf05_cc2530 #
#                            _91\iar\temp\light_switch\hal_rf_security.r51"    #
#                            "E:\DAMH2\Zigbee Code\Code Zigbee - ZStack-CC2530 #
#                            -2.5.1a\Projects\zstack\swrc135b\ide\srf05_cc2530 #
#                            _91\iar\temp\light_switch\light_switch.r51"       #
#                            "E:\DAMH2\Zigbee Code\Code Zigbee - ZStack-CC2530 #
#                            -2.5.1a\Projects\zstack\swrc135b\ide\srf05_cc2530 #
#                            _91\iar\temp\light_switch\util.r51"               #
#                            "E:\DAMH2\Zigbee Code\Code Zigbee - ZStack-CC2530 #
#                            -2.5.1a\Projects\zstack\swrc135b\ide\srf05_cc2530 #
#                            _91\iar\temp\light_switch\util_buffer.r51"        #
#                            "E:\DAMH2\Zigbee Code\Code Zigbee - ZStack-CC2530 #
#                            -2.5.1a\Projects\zstack\swrc135b\ide\srf05_cc2530 #
#                            _91\iar\temp\light_switch\util_lcd.r51"           #
#                            -o                                                #
#                            "E:\DAMH2\Zigbee Code\Code Zigbee - ZStack-CC2530 #
#                            -2.5.1a\Projects\zstack\swrc135b\ide\srf05_cc2530 #
#                            _91\iar\light_switch.d51"                         #
#                            -l                                                #
#                            "E:\DAMH2\Zigbee Code\Code Zigbee - ZStack-CC2530 #
#                            -2.5.1a\Projects\zstack\swrc135b\ide\srf05_cc2530 #
#                            _91\iar\temp\light_switch.map"                    #
#                            -xmsn                                             #
#                            "-IC:\Program Files\IAR Systems\Embedded Workbenc #
#                            h 6.5\8051\LIB\"                                  #
#                            -f                                                #
#                            "C:\Program Files\IAR Systems\Embedded Workbench  #
#                            6.5\8051\config\devices\Texas Instruments\lnk51ew #
#                            _CC2530F256_banked.xcl"                           #
#                            (-D_IDATA0_START=0x00 -D_IDATA0_END=0xFF          #
#                            -D_PDATA0_START=0x1E00 -D_PDATA0_END=0x1EFF       #
#                            -D_IXDATA0_START=0x0001 -D_IXDATA0_END=0x1EFF     #
#                            -D_XDATA0_START=_IXDATA0_START                    #
#                            -D_XDATA0_END=_IXDATA0_END                        #
#                            -D_NEAR_CODE_START=0x0000                         #
#                            -D_FIRST_BANK_ADDR=0x10000 -D?REGISTER_BANK=0x0   #
#                            -D_REGISTER_BANK_START=0x0 -D_BREG_START=0x00     #
#                            -D?VB=0x20 -Z(BIT)BREG=_BREG_START                #
#                            -Z(BIT)BIT_N=0-7F                                 #
#                            -Z(DATA)REGISTERS+8=_REGISTER_BANK_START          #
#                            -Z(DATA)BDATA_Z,BDATA_N,BDATA_I=20-2F             #
#                            -Z(DATA)VREG=08-7F -Z(DATA)PSP,XSP=08-7F          #
#                            -Z(DATA)DOVERLAY=08-7F                            #
#                            -Z(DATA)DATA_I,DATA_Z,DATA_N=08-7F                #
#                            -U(IDATA)0-7F=(DATA)0-7F                          #
#                            -Z(IDATA)IDATA_I,IDATA_Z,IDATA_N=08-_IDATA0_END   #
#                            -Z(IDATA)ISTACK+_IDATA_STACK_SIZE#08-_IDATA0_END  #
#                            -Z(IDATA)IOVERLAY=08-FF -Z(CODE)INTVEC=0          #
#                            -Z(CODE)CSTART=_NEAR_CODE_START-(_CODEBANK_START- #
#                            1)                                                #
#                            -Z(CODE)BIT_ID,BDATA_ID,DATA_ID,IDATA_ID,IXDATA_I #
#                            D,PDATA_ID,XDATA_ID=_NEAR_CODE_START-(_CODEBANK_S #
#                            TART-1)                                           #
#                            -Z(CODE)BANK_RELAYS,RCODE,DIFUNCT,CODE_C,CODE_N,N #
#                            EAR_CODE=_NEAR_CODE_START-(_CODEBANK_START-1)     #
#                            -P(CODE)BANKED_CODE=_NEAR_CODE_START-(_CODEBANK_S #
#                            TART-1),[(_CODEBANK_START+_FIRST_BANK_ADDR)-(_COD #
#                            EBANK_END+_FIRST_BANK_ADDR)]*_NR_OF_BANKS+10000   #
#                            -Z(CODE)CHECKSUM#(_CODEBANK_START-1)              #
#                            -Z(XDATA)PDATA_Z,PDATA_I=_PDATA0_START-_PDATA0_EN #
#                            D                                                 #
#                            -P(XDATA)PDATA_N=_PDATA0_START-_PDATA0_END        #
#                            -Z(XDATA)PSTACK+_PDATA_STACK_SIZE=_PDATA0_START-_ #
#                            PDATA0_END                                        #
#                            -Z(XDATA)EXT_STACK+_EXTENDED_STACK_SIZE=_EXTENDED #
#                            _STACK_START                                      #
#                            -Z(XDATA)XSTACK+_XDATA_STACK_SIZE=_XDATA0_START-_ #
#                            XDATA0_END                                        #
#                            -Z(XDATA)IXDATA_Z,IXDATA_I=_IXDATA0_START-_IXDATA #
#                            0_END                                             #
#                            -P(XDATA)IXDATA_N=_IXDATA0_START-_IXDATA0_END     #
#                            -Z(XDATA)XDATA_Z,XDATA_I=_XDATA0_START-_XDATA0_EN #
#                            D                                                 #
#                            -P(XDATA)XDATA_N=_XDATA0_START-_XDATA0_END        #
#                            -Z(XDATA)XDATA_HEAP+_XDATA_HEAP_SIZE=_XDATA0_STAR #
#                            T-_XDATA0_END                                     #
#                            -Z(CONST)XDATA_ROM_C=_XDATA0_START-_XDATA0_END    #
#                            -cx51                                             #
#                            -M(CODE)[(_CODEBANK_START+_FIRST_BANK_ADDR)-(_COD #
#                            EBANK_END+_FIRST_BANK_ADDR)]*_NR_OF_BANKS+0x10000 #
#                            =0x8000                                           #
#                            -ww69=i -D_BANK0_START=0x00000                    #
#                            -D_BANK0_END=0x07FFF -D_BANK1_START=0x18000       #
#                            -D_BANK1_END=0x1FFFF -D_BANK2_START=0x28000       #
#                            -D_BANK2_END=0x2FFFF -D_BANK3_START=0x38000       #
#                            -D_BANK3_END=0x3FFFF -D_BANK4_START=0x48000       #
#                            -D_BANK4_END=0x4FFFF -D_BANK5_START=0x58000       #
#                            -D_BANK5_END=0x5FFFF -D_BANK6_START=0x68000       #
#                            -D_BANK6_END=0x6FFFF -D_BANK7_START=0x78000       #
#                            -D_BANK7_END=0x7FFFF                              #
#                            -P(CODE)BANK0=_BANK0_START-_BANK0_END             #
#                            -P(CODE)BANK1=_BANK1_START-_BANK1_END             #
#                            -P(CODE)BANK2=_BANK2_START-_BANK2_END             #
#                            -P(CODE)BANK3=_BANK3_START-_BANK3_END             #
#                            -P(CODE)BANK4=_BANK4_START-_BANK4_END             #
#                            -P(CODE)BANK5=_BANK5_START-_BANK5_END             #
#                            -P(CODE)BANK6=_BANK6_START-_BANK6_END             #
#                            -P(CODE)BANK7=_BANK7_START-_BANK7_END             #
#                            -D_FLASH_LOCK_BITS_START=0x7FFF0                  #
#                            -D_FLASH_LOCK_BITS_END=0x7FFFF                    #
#                            -Z(CODE)FLASH_LOCK_BITS=_FLASH_LOCK_BITS_START-_F #
#                            LASH_LOCK_BITS_END                                #
#                            -U(CODE)0x0000=(CODE)_FLASH_LOCK_BITS_START-_FLAS #
#                            H_LOCK_BITS_END)                                  #
#                            -e?BCALL_FF=?BCALL -e?BRET_FF=?BRET               #
#                            -e?BDISPATCH_FF=?BDISPATCH                        #
#                            -D_NR_OF_VIRTUAL_REGISTERS=8 -D?PBANK=0x93        #
#                            -e_medium_write=_formatted_write                  #
#                            -e_medium_read=_formatted_read -rt                #
#                            "-Ointel-extended=E:\DAMH2\Zigbee Code\Code Zigbe #
#                            e - ZStack-CC2530-2.5.1a\Projects\zstack\swrc135b #
#                            \ide\srf05_cc2530_91\iar\light_switch.hex"        #
#                            -s __program_start                                #
#                            "C:\Program Files\IAR Systems\Embedded Workbench  #
#                            6.5\8051\LIB\CLIB\cl-pli-blxd-1e16x01.r51"        #
#                            -D_IDATA_STACK_SIZE=0x40 -D?ESP=0 -D?ESP_MASK=0   #
#                            -D_EXTENDED_STACK_START=0                         #
#                            -D_EXTENDED_STACK_SIZE=0                          #
#                            -D_PDATA_STACK_SIZE=0x80                          #
#                            -D_XDATA_STACK_SIZE=0x100                         #
#                            -D_XDATA_HEAP_SIZE=0xFF -D_FAR_HEAP_SIZE=0xFFF    #
#                            -D_HUGE_HEAP_SIZE=0xFFF                           #
#                            -D_FAR22_HEAP_SIZE=0xFFF                          #
#                                                                              #
#                           Copyright (C) 1987-2013 IAR Systems AB.            #
################################################################################





                ****************************************
                *                                      *
                *           CROSS REFERENCE            *
                *                                      *
                ****************************************

       Program entry at : CODE      000000D7  Relocatable, from module : CSTARTUP




                ****************************************
                *                                      *
                *            RUNTIME MODEL             *
                *                                      *
                ****************************************

  __SystemLibrary          = CLib
  __calling_convention     = xdata_reentrant
  __code_model             = banked
  __core                   = plain
  __data_model             = large
  __dptr_size              = 16
  __extended_stack         = disabled
  __location_for_constants = data
  __number_of_dptrs        = 1
  __rt_version             = 1

                ****************************************
                *                                      *
                *    AUTOMATIC SYMBOL REDIRECTIONS     *
                *                                      *
                ****************************************

                  There are no automatic symbol redirections.



                ****************************************
                *                                      *
                *              MODULE MAP              *
                *                                      *
                ****************************************


  DEFINED ABSOLUTE ENTRIES
    *************************************************************************

  DEFINED ABSOLUTE ENTRIES
  PROGRAM MODULE, NAME : ?ABS_ENTRY_MOD

Absolute parts
           ENTRY                   ADDRESS         REF BY
           =====                   =======         ======
           _FAR22_HEAP_SIZE        00000FFF 
           _HUGE_HEAP_SIZE         00000FFF 
           _FAR_HEAP_SIZE          00000FFF 
           _XDATA_HEAP_SIZE        000000FF 
           _XDATA_STACK_SIZE       00000100 
           _PDATA_STACK_SIZE       00000080 
           _EXTENDED_STACK_SIZE    00000000 
           _EXTENDED_STACK_START   00000000 
           ?ESP_MASK               00000000 
           ?ESP                    00000000 
           _IDATA_STACK_SIZE       00000040 
           ?PBANK                  00000093 
           _NR_OF_VIRTUAL_REGISTERS
                                   00000008 
           _FLASH_LOCK_BITS_END    0003FFFF 
           _FLASH_LOCK_BITS_START
                                   0003FFF0 
           _BANK7_END              0003FFFF 
           _BANK7_START            00038000 
           _BANK6_END              00037FFF 
           _BANK6_START            00030000 
           _BANK5_END              0002FFFF 
           _BANK5_START            00028000 
           _BANK4_END              00027FFF 
           _BANK4_START            00020000 
           _BANK3_END              0001FFFF 
           _BANK3_START            00018000 
           _BANK2_END              00017FFF 
           _BANK2_START            00010000 
           _BANK1_END              0000FFFF 
           _BANK1_START            00008000 
           _BANK0_END              00007FFF 
           _BANK0_START            00000000 
           ?VB                     00000020        ?BANKED_ENTER_XDATA (?BANKED_ENTER_XDATA)
                                                   ?BANKED_LEAVE_XDATA (?BANKED_LEAVE_XDATA)
                                                   ?INTERRUPT_ENTER_XSP (?INTERRUPT_ENTER_XSP)
                                                   ?INTERRUPT_LEAVE_XSP (?INTERRUPT_LEAVE_XSP)
           _BREG_START             00000000 
           _REGISTER_BANK_START    00000000 
           ?REGISTER_BANK          00000000        Segment part 6 (CSTARTUP)
           _FIRST_BANK_ADDR        00010000 
           _NEAR_CODE_START        00000000 
           _XDATA0_END             00001EFF 
           _XDATA0_START           00000001 
           _IXDATA0_END            00001EFF 
           _IXDATA0_START          00000001 
           _PDATA0_END             00001EFF 
           _PDATA0_START           00001E00 
           _IDATA0_END             000000FF 
           _IDATA0_START           00000000 
           ?CBANK                  0000009F        ?RESET_CODE_BANK (CSTARTUP)
                                                   Segment part 0 (?BANKED_CODE_SUPPORT)
           ?CBANK_MASK             000000FF 
           _CODEBANK_START         00008000 
           _CODEBANK_END           0000FFFF 
           _NR_OF_BANKS            00000007 
    *************************************************************************

  FILE NAME : E:\DAMH2\Zigbee Code\Code Zigbee - ZStack-CC2530-2.5.1a\Projects\zstack\swrc135b\ide\srf05_cc2530_91\iar\temp\light_switch\adc.r51
  PROGRAM MODULE, NAME : adc

  SEGMENTS IN THE MODULE
  ======================
SFR_AN
  Relative segment, address: DATA 00000088 - 00000088 (0x1 bytes), align: 0
  Segment part 1. ROOT.       Intra module refs:   adcSampleSingle
           ENTRY                   ADDRESS         REF BY
           =====                   =======         ======
           _A_TCON                 00000088 
           LOCAL                   ADDRESS         
           =====                   =======         
           TCON                    00000088 
    -------------------------------------------------------------------------
SFR_AN
  Relative segment, address: DATA 000000B6 - 000000B6 (0x1 bytes), align: 0
  Segment part 2. ROOT.       Intra module refs:   adcSampleSingle
           ENTRY                   ADDRESS         REF BY
           =====                   =======         ======
           ADCCON3                 000000B6 
    -------------------------------------------------------------------------
SFR_AN
  Relative segment, address: DATA 000000BA - 000000BA (0x1 bytes), align: 0
  Segment part 3. ROOT.       Intra module refs:   adcSampleSingle
           ENTRY                   ADDRESS         REF BY
           =====                   =======         ======
           ADCL                    000000BA 
    -------------------------------------------------------------------------
SFR_AN
  Relative segment, address: DATA 000000BB - 000000BB (0x1 bytes), align: 0
  Segment part 4. ROOT.       Intra module refs:   adcSampleSingle
           ENTRY                   ADDRESS         REF BY
           =====                   =======         ======
           ADCH                    000000BB 
    -------------------------------------------------------------------------
SFR_AN
  Relative segment, address: DATA 000000F2 - 000000F2 (0x1 bytes), align: 0
  Segment part 5. ROOT.       Intra module refs:   adcSampleSingle
           ENTRY                   ADDRESS         REF BY
           =====                   =======         ======
           ADCCFG                  000000F2 
    -------------------------------------------------------------------------
<BANKED_CODE> 1 (was BANKED_CODE)
  Relative segment, address: CODE 00001381 - 000013C3 (0x43 bytes), align: 0
  Segment part 11.            Intra module refs:   adcSampleSingle::?relay
           ENTRY                   ADDRESS         REF BY
           =====                   =======         ======
           adcSampleSingle         00001381 
               XSTACK = 00000000 ( 0000000A )
    -------------------------------------------------------------------------
BANK_RELAYS
  Relative segment, address: CODE 000001F4 - 000001F9 (0x6 bytes), align: 0
  Segment part 12.
           ENTRY                   ADDRESS         REF BY
           =====                   =======         ======
           adcSampleSingle::?relay
                                   000001F4        halJoystickGetDir (hal_joystick)
                                                   halJoystickPushed (hal_joystick)

    *************************************************************************

  FILE NAME : E:\DAMH2\Zigbee Code\Code Zigbee - ZStack-CC2530-2.5.1a\Projects\zstack\swrc135b\ide\srf05_cc2530_91\iar\temp\light_switch\basic_rf.r51
  PROGRAM MODULE, NAME : basic_rf

  SEGMENTS IN THE MODULE
  ======================
XDATA_I
  Relative segment, address: XDATA 00000243 - 0000024E (0xc bytes), align: 0
  Segment part 6.             Intra module refs:   basicRfInit
                                                   basicRfPacketIsReady
                                                   basicRfReceive
                                                   basicRfRxFrmDoneIsr
           LOCAL                   ADDRESS         
           =====                   =======         
           rxi                     00000243 
    -------------------------------------------------------------------------
XDATA_Z
  Relative segment, address: XDATA 00000101 - 00000107 (0x7 bytes), align: 0
  Segment part 8.             Intra module refs:   basicRfInit
                                                   basicRfReceiveOff
                                                   basicRfReceiveOn
                                                   basicRfRxFrmDoneIsr
                                                   basicRfSendPacket
           LOCAL                   ADDRESS         
           =====                   =======         
           txState                 00000101 
    -------------------------------------------------------------------------
XDATA_Z
  Relative segment, address: XDATA 00000108 - 00000109 (0x2 bytes), align: 0
  Segment part 9.             Intra module refs:   ?Subroutine3
                                                   ?Subroutine4
                                                   basicRfInit
                                                   basicRfSendPacket
           LOCAL                   ADDRESS         
           =====                   =======         
           pConfig                 00000108 
    -------------------------------------------------------------------------
XDATA_Z
  Relative segment, address: XDATA 0000010A - 0000017C (0x73 bytes), align: 0
  Segment part 10.            Intra module refs:   basicRfSendPacket
           LOCAL                   ADDRESS         
           =====                   =======         
           txMpdu                  0000010A 
    -------------------------------------------------------------------------
XDATA_Z
  Relative segment, address: XDATA 0000017D - 000001FC (0x80 bytes), align: 0
  Segment part 11.            Intra module refs:   basicRfRxFrmDoneIsr
           LOCAL                   ADDRESS         
           =====                   =======         
           rxMpdu                  0000017D 
    -------------------------------------------------------------------------
<BANKED_CODE> 1 (was BANKED_CODE)
  Relative segment, address: CODE 000006CA - 000007B9 (0xf0 bytes), align: 0
  Segment part 12.            Intra module refs:   basicRfRxFrmDoneIsr::?relay
           LOCAL                   ADDRESS         
           =====                   =======         
           basicRfRxFrmDoneIsr     000006CA 
               calls direct, is indirectly called
               ISTACK = 00000000 ( 00000002 )
    -------------------------------------------------------------------------
<BANKED_CODE> 1 (was BANKED_CODE)
  Relative segment, address: CODE 000007BA - 000007BA (0x1 bytes), align: 0
  Segment part 14.            Intra module refs:   basicRfPacketIsReady
           LOCAL                   ADDRESS         
           =====                   =======         
           ?Subroutine0            000007BA 
    -------------------------------------------------------------------------
<BANKED_CODE> 1 (was BANKED_CODE)
  Relative segment, address: CODE 000007BB - 000007C1 (0x7 bytes), align: 0
  Segment part 15.            Intra module refs:   ?Subroutine0
                                                   basicRfReceiveOff
                                                   basicRfReceiveOn
                                                   basicRfRxFrmDoneIsr
    -------------------------------------------------------------------------
<BANKED_CODE> 1 (was BANKED_CODE)
  Relative segment, address: CODE 000007C2 - 00000823 (0x62 bytes), align: 0
  Segment part 16.            Intra module refs:   basicRfInit::?relay
           ENTRY                   ADDRESS         REF BY
           =====                   =======         ======
           basicRfInit             000007C2 
               calls direct
               XSTACK = 00000000 ( 00000009 )
    -------------------------------------------------------------------------
<BANKED_CODE> 1 (was BANKED_CODE)
  Relative segment, address: CODE 00000824 - 0000090E (0xeb bytes), align: 0
  Segment part 18.            Intra module refs:   basicRfSendPacket::?relay
           ENTRY                   ADDRESS         REF BY
           =====                   =======         ======
           basicRfSendPacket       00000824 
               calls direct
               XSTACK = 00000000 ( 0000000B )
               ISTACK = 00000000 ( 00000001 )
    -------------------------------------------------------------------------
<BANKED_CODE> 1 (was BANKED_CODE)
  Relative segment, address: CODE 0000090F - 0000091B (0xd bytes), align: 0
  Segment part 20.            Intra module refs:   basicRfInit
                                                   basicRfSendPacket
           LOCAL                   ADDRESS         
           =====                   =======         
           ?Subroutine3            0000090F 
    -------------------------------------------------------------------------
<BANKED_CODE> 1 (was BANKED_CODE)
  Relative segment, address: CODE 0000091C - 0000091F (0x4 bytes), align: 0
  Segment part 21.            Intra module refs:   basicRfInit
                                                   basicRfSendPacket
           LOCAL                   ADDRESS         
           =====                   =======         
           ?Subroutine2            0000091C 
    -------------------------------------------------------------------------
<BANKED_CODE> 1 (was BANKED_CODE)
  Relative segment, address: CODE 00000920 - 00000925 (0x6 bytes), align: 0
  Segment part 22.            Intra module refs:   ?Subroutine1
                                                   ?Subroutine2
           LOCAL                   ADDRESS         
           =====                   =======         
           ?Subroutine4            00000920 
    -------------------------------------------------------------------------
<BANKED_CODE> 1 (was BANKED_CODE)
  Relative segment, address: CODE 00000926 - 0000092D (0x8 bytes), align: 0
  Segment part 23.            Intra module refs:   ?Subroutine4
                                                   basicRfSendPacket
    -------------------------------------------------------------------------
<BANKED_CODE> 1 (was BANKED_CODE)
  Relative segment, address: CODE 0000092E - 00000934 (0x7 bytes), align: 0
  Segment part 24.            Intra module refs:   basicRfInit
                                                   basicRfSendPacket
           LOCAL                   ADDRESS         
           =====                   =======         
           ?Subroutine1            0000092E 
    -------------------------------------------------------------------------
<BANKED_CODE> 1 (was BANKED_CODE)
  Relative segment, address: CODE 00000935 - 0000093F (0xb bytes), align: 0
  Segment part 25.            Intra module refs:   basicRfPacketIsReady::?relay
           ENTRY                   ADDRESS         REF BY
           =====                   =======         ======
           basicRfPacketIsReady    00000935 
               ISTACK = 00000000 ( 00000002 )
    -------------------------------------------------------------------------
<BANKED_CODE> 1 (was BANKED_CODE)
  Relative segment, address: CODE 00000940 - 000009B6 (0x77 bytes), align: 0
  Segment part 27.            Intra module refs:   basicRfReceive::?relay
           ENTRY                   ADDRESS         REF BY
           =====                   =======         ======
           basicRfReceive          00000940 
               calls direct
               XSTACK = 00000000 ( 00000010 )
    -------------------------------------------------------------------------
<BANKED_CODE> 1 (was BANKED_CODE)
  Relative segment, address: CODE 000009B7 - 000009C6 (0x10 bytes), align: 0
  Segment part 31.            Intra module refs:   basicRfReceiveOn::?relay
           ENTRY                   ADDRESS         REF BY
           =====                   =======         ======
           basicRfReceiveOn        000009B7 
               calls direct
               ISTACK = 00000000 ( 00000002 )
    -------------------------------------------------------------------------
<BANKED_CODE> 1 (was BANKED_CODE)
  Relative segment, address: CODE 000009C7 - 000009D5 (0xf bytes), align: 0
  Segment part 33.            Intra module refs:   basicRfReceiveOff::?relay
           ENTRY                   ADDRESS         REF BY
           =====                   =======         ======
           basicRfReceiveOff       000009C7 
               calls direct
               ISTACK = 00000000 ( 00000002 )
    -------------------------------------------------------------------------
XDATA_ID
  Relative segment, address: CODE 00000107 - 00000112 (0xc bytes), align: 0
  Segment part 7.             Intra module refs:   rxi
    -------------------------------------------------------------------------
BANK_RELAYS
  Relative segment, address: CODE 000001FA - 000001FF (0x6 bytes), align: 0
  Segment part 13.            Intra module refs:   basicRfInit
           LOCAL                   ADDRESS         
           =====                   =======         
           basicRfRxFrmDoneIsr::?relay
                                   000001FA 
    -------------------------------------------------------------------------
BANK_RELAYS
  Relative segment, address: CODE 00000200 - 00000205 (0x6 bytes), align: 0
  Segment part 17.
           ENTRY                   ADDRESS         REF BY
           =====                   =======         ======
           basicRfInit::?relay     00000200        main (light_switch)
    -------------------------------------------------------------------------
BANK_RELAYS
  Relative segment, address: CODE 00000206 - 0000020B (0x6 bytes), align: 0
  Segment part 19.
           ENTRY                   ADDRESS         REF BY
           =====                   =======         ======
           basicRfSendPacket::?relay
                                   00000206        main (light_switch)
    -------------------------------------------------------------------------
BANK_RELAYS
  Relative segment, address: CODE 0000020C - 00000211 (0x6 bytes), align: 0
  Segment part 26.
           ENTRY                   ADDRESS         REF BY
           =====                   =======         ======
           basicRfPacketIsReady::?relay
                                   0000020C        main (light_switch)
    -------------------------------------------------------------------------
BANK_RELAYS
  Relative segment, address: CODE 00000212 - 00000217 (0x6 bytes), align: 0
  Segment part 28.
           ENTRY                   ADDRESS         REF BY
           =====                   =======         ======
           basicRfReceive::?relay
                                   00000212        main (light_switch)
    -------------------------------------------------------------------------
BANK_RELAYS
  Relative segment, address: CODE 00000218 - 0000021D (0x6 bytes), align: 0
  Segment part 32.
           ENTRY                   ADDRESS         REF BY
           =====                   =======         ======
           basicRfReceiveOn::?relay
                                   00000218        main (light_switch)
    -------------------------------------------------------------------------
BANK_RELAYS
  Relative segment, address: CODE 0000021E - 00000223 (0x6 bytes), align: 0
  Segment part 34.
           ENTRY                   ADDRESS         REF BY
           =====                   =======         ======
           basicRfReceiveOff::?relay
                                   0000021E        main (light_switch)

    *************************************************************************

  FILE NAME : E:\DAMH2\Zigbee Code\Code Zigbee - ZStack-CC2530-2.5.1a\Projects\zstack\swrc135b\ide\srf05_cc2530_91\iar\temp\light_switch\basic_rf_security.r51
    *************************************************************************

  FILE NAME : E:\DAMH2\Zigbee Code\Code Zigbee - ZStack-CC2530-2.5.1a\Projects\zstack\swrc135b\ide\srf05_cc2530_91\iar\temp\light_switch\clock.r51
  PROGRAM MODULE, NAME : clock

  SEGMENTS IN THE MODULE
  ======================
SFR_AN
  Relative segment, address: DATA 0000009D - 0000009D (0x1 bytes), align: 0
  Segment part 1. ROOT.       Intra module refs:   clockSetMainSrc
           ENTRY                   ADDRESS         REF BY
           =====                   =======         ======
           SLEEPSTA                0000009D 
    -------------------------------------------------------------------------
SFR_AN
  Relative segment, address: DATA 0000009E - 0000009E (0x1 bytes), align: 0
  Segment part 2. ROOT.       Intra module refs:   clockSelect32k
                                                   clockSetMainSrc
                                                   halLcdSpiInit (hal_board)
           ENTRY                   ADDRESS         REF BY
           =====                   =======         ======
           CLKCONSTA               0000009E 
    -------------------------------------------------------------------------
SFR_AN
  Relative segment, address: DATA 000000BE - 000000BE (0x1 bytes), align: 0
  Segment part 3. ROOT.       Intra module refs:   clockSetMainSrc
           ENTRY                   ADDRESS         REF BY
           =====                   =======         ======
           SLEEPCMD                000000BE 
    -------------------------------------------------------------------------
SFR_AN
  Relative segment, address: DATA 000000C6 - 000000C6 (0x1 bytes), align: 0
  Segment part 4. ROOT.       Intra module refs:   clockSelect32k
                                                   clockSetMainSrc
           ENTRY                   ADDRESS         REF BY
           =====                   =======         ======
           CLKCONCMD               000000C6 
    -------------------------------------------------------------------------
<BANKED_CODE> 1 (was BANKED_CODE)
  Relative segment, address: CODE 000011DF - 00001212 (0x34 bytes), align: 0
  Segment part 10.            Intra module refs:   clockSetMainSrc::?relay
           ENTRY                   ADDRESS         REF BY
           =====                   =======         ======
           clockSetMainSrc         000011DF 
    -------------------------------------------------------------------------
<BANKED_CODE> 1 (was BANKED_CODE)
  Relative segment, address: CODE 00001213 - 0000123B (0x29 bytes), align: 0
  Segment part 12.            Intra module refs:   clockSelect32k::?relay
           ENTRY                   ADDRESS         REF BY
           =====                   =======         ======
           clockSelect32k          00001213 
    -------------------------------------------------------------------------
BANK_RELAYS
  Relative segment, address: CODE 00000224 - 00000229 (0x6 bytes), align: 0
  Segment part 11.
           ENTRY                   ADDRESS         REF BY
           =====                   =======         ======
           clockSetMainSrc::?relay
                                   00000224        halMcuInit (hal_mcu)
    -------------------------------------------------------------------------
BANK_RELAYS
  Relative segment, address: CODE 0000022A - 0000022F (0x6 bytes), align: 0
  Segment part 13.
           ENTRY                   ADDRESS         REF BY
           =====                   =======         ======
           clockSelect32k::?relay
                                   0000022A        halMcuInit (hal_mcu)

    *************************************************************************

  FILE NAME : E:\DAMH2\Zigbee Code\Code Zigbee - ZStack-CC2530-2.5.1a\Projects\zstack\swrc135b\ide\srf05_cc2530_91\iar\temp\light_switch\hal_assert.r51
  PROGRAM MODULE, NAME : hal_assert

  SEGMENTS IN THE MODULE
  ======================
<BANKED_CODE> 1 (was BANKED_CODE)
  Relative segment, address: CODE 000013FA - 0000141A (0x21 bytes), align: 0
  Segment part 6.             Intra module refs:   halAssertHandler::?relay
           ENTRY                   ADDRESS         REF BY
           =====                   =======         ======
           halAssertHandler        000013FA 
               calls direct
               ISTACK = 00000000 ( 00000002 )
    -------------------------------------------------------------------------
BANK_RELAYS
  Relative segment, address: CODE 00000230 - 00000235 (0x6 bytes), align: 0
  Segment part 7.
           ENTRY                   ADDRESS         REF BY
           =====                   =======         ======
           halAssertHandler::?relay
                                   00000230        halMcuInit (hal_mcu)
                                                   main (light_switch)

    *************************************************************************

  FILE NAME : E:\DAMH2\Zigbee Code\Code Zigbee - ZStack-CC2530-2.5.1a\Projects\zstack\swrc135b\ide\srf05_cc2530_91\iar\temp\light_switch\hal_board.r51
  PROGRAM MODULE, NAME : hal_board

  SEGMENTS IN THE MODULE
  ======================
SFR_AN
  Relative segment, address: DATA 00000080 - 00000080 (0x1 bytes), align: 0
  Segment part 1. ROOT.       Intra module refs:   halBoardInit
                                                   halButtonPushed (hal_button)
                                                   halLcdInit (hal_lcd_srf05)
                                                   halLedSet (hal_led)
                                                   halLedToggle (hal_led)
                                                   halRfSetGain (hal_rf)
                                                   lcdControl (hal_lcd_srf05)
                                                   lcdWrite (hal_lcd_srf05)
                                                   lcdWriteMany (hal_lcd_srf05)
           ENTRY                   ADDRESS         REF BY
           =====                   =======         ======
           _A_P0                   00000080 
           LOCAL                   ADDRESS         
           =====                   =======         
           P0                      00000080 
    -------------------------------------------------------------------------
SFR_AN
  Relative segment, address: DATA 0000008F - 0000008F (0x1 bytes), align: 0
  Segment part 2. ROOT.       Intra module refs:   halBoardInit
                                                   halButtonPushed (hal_button)
           ENTRY                   ADDRESS         REF BY
           =====                   =======         ======
           P0INP                   0000008F 
    -------------------------------------------------------------------------
SFR_AN
  Relative segment, address: DATA 00000090 - 00000090 (0x1 bytes), align: 0
  Segment part 3. ROOT.       Intra module refs:   halBoardInit
                                                   halLcdInit (hal_lcd_srf05)
                                                   halLedSet (hal_led)
                                                   halLedToggle (hal_led)
                                                   lcdControl (hal_lcd_srf05)
                                                   lcdWrite (hal_lcd_srf05)
                                                   lcdWriteMany (hal_lcd_srf05)
           ENTRY                   ADDRESS         REF BY
           =====                   =======         ======
           _A_P1                   00000090 
           LOCAL                   ADDRESS         
           =====                   =======         
           P1                      00000090 
    -------------------------------------------------------------------------
SFR_AN
  Relative segment, address: DATA 000000F1 - 000000F1 (0x1 bytes), align: 0
  Segment part 5. ROOT.       Intra module refs:   halLcdSpiInit
           ENTRY                   ADDRESS         REF BY
           =====                   =======         ======
           PERCFG                  000000F1 
    -------------------------------------------------------------------------
SFR_AN
  Relative segment, address: DATA 000000F3 - 000000F3 (0x1 bytes), align: 0
  Segment part 6. ROOT.       Intra module refs:   halBoardInit
                                                   halButtonPushed (hal_button)
                                                   halJoystickInit (hal_joystick)
                                                   halLcdInit (hal_lcd_srf05)
           ENTRY                   ADDRESS         REF BY
           =====                   =======         ======
           P0SEL                   000000F3 
    -------------------------------------------------------------------------
SFR_AN
  Relative segment, address: DATA 000000F4 - 000000F4 (0x1 bytes), align: 0
  Segment part 7. ROOT.       Intra module refs:   halLcdInit (hal_lcd_srf05)
                                                   halLcdSpiInit
           ENTRY                   ADDRESS         REF BY
           =====                   =======         ======
           P1SEL                   000000F4 
    -------------------------------------------------------------------------
SFR_AN
  Relative segment, address: DATA 000000F5 - 000000F5 (0x1 bytes), align: 0
  Segment part 8. ROOT.       Intra module refs:   halBoardInit
                                                   halJoystickInit (hal_joystick)
           ENTRY                   ADDRESS         REF BY
           =====                   =======         ======
           P2SEL                   000000F5 
    -------------------------------------------------------------------------
SFR_AN
  Relative segment, address: DATA 000000F6 - 000000F6 (0x1 bytes), align: 0
  Segment part 9. ROOT.
           ENTRY                   ADDRESS         REF BY
           =====                   =======         ======
           P1INP                   000000F6 
    -------------------------------------------------------------------------
SFR_AN
  Relative segment, address: DATA 000000F7 - 000000F7 (0x1 bytes), align: 0
  Segment part 10. ROOT.      Intra module refs:   halBoardInit
                                                   halButtonPushed (hal_button)
                                                   halJoystickInit (hal_joystick)
           ENTRY                   ADDRESS         REF BY
           =====                   =======         ======
           P2INP                   000000F7 
    -------------------------------------------------------------------------
SFR_AN
  Relative segment, address: DATA 000000F8 - 000000F8 (0x1 bytes), align: 0
  Segment part 11. ROOT.      Intra module refs:   halLcdSpiInit
                                                   lcdControl (hal_lcd_srf05)
                                                   lcdWrite (hal_lcd_srf05)
                                                   lcdWriteMany (hal_lcd_srf05)
           ENTRY                   ADDRESS         REF BY
           =====                   =======         ======
           _A_U1CSR                000000F8 
           LOCAL                   ADDRESS         
           =====                   =======         
           U1CSR                   000000F8 
    -------------------------------------------------------------------------
SFR_AN
  Relative segment, address: DATA 000000FA - 000000FA (0x1 bytes), align: 0
  Segment part 12. ROOT.      Intra module refs:   halLcdSpiInit
           ENTRY                   ADDRESS         REF BY
           =====                   =======         ======
           U1BAUD                  000000FA 
    -------------------------------------------------------------------------
SFR_AN
  Relative segment, address: DATA 000000FB - 000000FB (0x1 bytes), align: 0
  Segment part 13. ROOT.      Intra module refs:   halLcdSpiInit
           ENTRY                   ADDRESS         REF BY
           =====                   =======         ======
           U1UCR                   000000FB 
    -------------------------------------------------------------------------
SFR_AN
  Relative segment, address: DATA 000000FC - 000000FC (0x1 bytes), align: 0
  Segment part 14. ROOT.      Intra module refs:   halLcdSpiInit
           ENTRY                   ADDRESS         REF BY
           =====                   =======         ======
           U1GCR                   000000FC 
    -------------------------------------------------------------------------
SFR_AN
  Relative segment, address: DATA 000000FD - 000000FD (0x1 bytes), align: 0
  Segment part 15. ROOT.      Intra module refs:   halBoardInit
                                                   halButtonPushed (hal_button)
                                                   halLcdInit (hal_lcd_srf05)
                                                   halRfInit (hal_rf)
           ENTRY                   ADDRESS         REF BY
           =====                   =======         ======
           P0DIR                   000000FD 
    -------------------------------------------------------------------------
SFR_AN
  Relative segment, address: DATA 000000FE - 000000FE (0x1 bytes), align: 0
  Segment part 16. ROOT.      Intra module refs:   halBoardInit
                                                   halLcdInit (hal_lcd_srf05)
           ENTRY                   ADDRESS         REF BY
           =====                   =======         ======
           P1DIR                   000000FE 
    -------------------------------------------------------------------------
SFR_AN
  Relative segment, address: DATA 000000FF - 000000FF (0x1 bytes), align: 0
  Segment part 17. ROOT.      Intra module refs:   halBoardInit
                                                   halJoystickInit (hal_joystick)
           ENTRY                   ADDRESS         REF BY
           =====                   =======         ======
           P2DIR                   000000FF 
    -------------------------------------------------------------------------
<BANKED_CODE> 1 (was BANKED_CODE)
  Relative segment, address: CODE 00001177 - 000011B6 (0x40 bytes), align: 0
  Segment part 23.            Intra module refs:   halBoardInit::?relay
           ENTRY                   ADDRESS         REF BY
           =====                   =======         ======
           halBoardInit            00001177 
               calls direct
               ISTACK = 00000000 ( 00000002 )
    -------------------------------------------------------------------------
<BANKED_CODE> 1 (was BANKED_CODE)
  Relative segment, address: CODE 000011B7 - 000011D4 (0x1e bytes), align: 0
  Segment part 25.            Intra module refs:   halLcdSpiInit::?relay
           ENTRY                   ADDRESS         REF BY
           =====                   =======         ======
           halLcdSpiInit           000011B7 
    -------------------------------------------------------------------------
<BANKED_CODE> 1 (was BANKED_CODE)
  Relative segment, address: CODE 000011D5 - 000011DE (0xa bytes), align: 0
  Segment part 29.            Intra module refs:   halLcdSpiInit
           LOCAL                   ADDRESS         
           =====                   =======         
           ?Subroutine0            000011D5 
    -------------------------------------------------------------------------
BANK_RELAYS
  Relative segment, address: CODE 00000236 - 0000023B (0x6 bytes), align: 0
  Segment part 24.
           ENTRY                   ADDRESS         REF BY
           =====                   =======         ======
           halBoardInit::?relay    00000236        main (light_switch)
    -------------------------------------------------------------------------
BANK_RELAYS
  Relative segment, address: CODE 0000023C - 00000241 (0x6 bytes), align: 0
  Segment part 26.            Intra module refs:   halBoardInit
           ENTRY                   ADDRESS         REF BY
           =====                   =======         ======
           halLcdSpiInit::?relay   0000023C 

    *************************************************************************

  FILE NAME : E:\DAMH2\Zigbee Code\Code Zigbee - ZStack-CC2530-2.5.1a\Projects\zstack\swrc135b\ide\srf05_cc2530_91\iar\temp\light_switch\hal_button.r51
  PROGRAM MODULE, NAME : hal_button

  SEGMENTS IN THE MODULE
  ======================
<BANKED_CODE> 1 (was BANKED_CODE)
  Relative segment, address: CODE 000012F0 - 00001330 (0x41 bytes), align: 0
  Segment part 13.            Intra module refs:   halButtonPushed::?relay
           ENTRY                   ADDRESS         REF BY
           =====                   =======         ======
           halButtonPushed         000012F0 
               ISTACK = 00000000 ( 00000002 )
    -------------------------------------------------------------------------
<BANKED_CODE> 1 (was BANKED_CODE)
  Relative segment, address: CODE 00001331 - 0000133A (0xa bytes), align: 0
  Segment part 15.            Intra module refs:   halButtonPushed
           LOCAL                   ADDRESS         
           =====                   =======         
           ?Subroutine0            00001331 
    -------------------------------------------------------------------------
BANK_RELAYS
  Relative segment, address: CODE 00000242 - 00000247 (0x6 bytes), align: 0
  Segment part 14.
           ENTRY                   ADDRESS         REF BY
           =====                   =======         ======
           halButtonPushed::?relay
                                   00000242        main (light_switch)
                                                   utilMenuSelect (util_lcd)

    *************************************************************************

  FILE NAME : E:\DAMH2\Zigbee Code\Code Zigbee - ZStack-CC2530-2.5.1a\Projects\zstack\swrc135b\ide\srf05_cc2530_91\iar\temp\light_switch\hal_digio.r51
  PROGRAM MODULE, NAME : hal_digio

  SEGMENTS IN THE MODULE
  ======================
SFR_AN
  Relative segment, address: DATA 00000089 - 00000089 (0x1 bytes), align: 0
  Segment part 2. ROOT.       Intra module refs:   port0_ISR
           ENTRY                   ADDRESS         REF BY
           =====                   =======         ======
           P0IFG                   00000089 
    -------------------------------------------------------------------------
SFR_AN
  Relative segment, address: DATA 0000008A - 0000008A (0x1 bytes), align: 0
  Segment part 3. ROOT.       Intra module refs:   port1_ISR
           ENTRY                   ADDRESS         REF BY
           =====                   =======         ======
           P1IFG                   0000008A 
    -------------------------------------------------------------------------
SFR_AN
  Relative segment, address: DATA 0000008B - 0000008B (0x1 bytes), align: 0
  Segment part 4. ROOT.       Intra module refs:   port2_ISR
           ENTRY                   ADDRESS         REF BY
           =====                   =======         ======
           P2IFG                   0000008B 
    -------------------------------------------------------------------------
SFR_AN
  Relative segment, address: DATA 0000008C - 0000008C (0x1 bytes), align: 0
  Segment part 5. ROOT.
           ENTRY                   ADDRESS         REF BY
           =====                   =======         ======
           PICTL                   0000008C 
    -------------------------------------------------------------------------
SFR_AN
  Relative segment, address: DATA 0000008D - 0000008D (0x1 bytes), align: 0
  Segment part 6. ROOT.
           ENTRY                   ADDRESS         REF BY
           =====                   =======         ======
           P1IEN                   0000008D 
    -------------------------------------------------------------------------
SFR_AN
  Relative segment, address: DATA 0000009A - 0000009A (0x1 bytes), align: 0
  Segment part 8. ROOT.       Intra module refs:   halRfDisableRxInterrupt (hal_rf)
                                                   halRfEnableRxInterrupt (hal_rf)
           ENTRY                   ADDRESS         REF BY
           =====                   =======         ======
           IEN2                    0000009A 
    -------------------------------------------------------------------------
SFR_AN
  Relative segment, address: DATA 000000A0 - 000000A0 (0x1 bytes), align: 0
  Segment part 9. ROOT.       Intra module refs:   halJoystickPushed (hal_joystick)
           ENTRY                   ADDRESS         REF BY
           =====                   =======         ======
           _A_P2                   000000A0 
           LOCAL                   ADDRESS         
           =====                   =======         
           P2                      000000A0 
    -------------------------------------------------------------------------
SFR_AN
  Relative segment, address: DATA 000000A8 - 000000A8 (0x1 bytes), align: 0
  Segment part 10. ROOT.      Intra module refs:   halIntOff (hal_int)
                                                   halIntOn (hal_int)
                                                   halRfRxInterruptConfig (hal_rf)
                                                   rfIsr (hal_rf)
           ENTRY                   ADDRESS         REF BY
           =====                   =======         ======
           _A_IEN0                 000000A8 
           LOCAL                   ADDRESS         
           =====                   =======         
           IEN0                    000000A8 
    -------------------------------------------------------------------------
SFR_AN
  Relative segment, address: DATA 000000AB - 000000AB (0x1 bytes), align: 0
  Segment part 11. ROOT.
           ENTRY                   ADDRESS         REF BY
           =====                   =======         ======
           P0IEN                   000000AB 
    -------------------------------------------------------------------------
SFR_AN
  Relative segment, address: DATA 000000AC - 000000AC (0x1 bytes), align: 0
  Segment part 12. ROOT.
           ENTRY                   ADDRESS         REF BY
           =====                   =======         ======
           P2IEN                   000000AC 
    -------------------------------------------------------------------------
SFR_AN
  Relative segment, address: DATA 000000B8 - 000000B8 (0x1 bytes), align: 0
  Segment part 13. ROOT.
           ENTRY                   ADDRESS         REF BY
           =====                   =======         ======
           _A_IEN1                 000000B8 
           LOCAL                   ADDRESS         
           =====                   =======         
           IEN1                    000000B8 
    -------------------------------------------------------------------------
SFR_AN
  Relative segment, address: DATA 000000C0 - 000000C0 (0x1 bytes), align: 0
  Segment part 14. ROOT.      Intra module refs:   port0_ISR
           ENTRY                   ADDRESS         REF BY
           =====                   =======         ======
           _A_IRCON                000000C0 
           LOCAL                   ADDRESS         
           =====                   =======         
           IRCON                   000000C0 
    -------------------------------------------------------------------------
SFR_AN
  Relative segment, address: DATA 000000E8 - 000000E8 (0x1 bytes), align: 0
  Segment part 15. ROOT.      Intra module refs:   port1_ISR
                                                   port2_ISR
           ENTRY                   ADDRESS         REF BY
           =====                   =======         ======
           _A_IRCON2               000000E8 
           LOCAL                   ADDRESS         
           =====                   =======         
           IRCON2                  000000E8 
    -------------------------------------------------------------------------
XDATA_Z
  Relative segment, address: XDATA 000001FD - 0000020C (0x10 bytes), align: 0
  Segment part 30.            Intra module refs:   ?Subroutine3
           LOCAL                   ADDRESS         
           =====                   =======         
           port0_isr_tbl           000001FD 
    -------------------------------------------------------------------------
XDATA_Z
  Relative segment, address: XDATA 0000020D - 0000021C (0x10 bytes), align: 0
  Segment part 31.            Intra module refs:   ?Subroutine4
           LOCAL                   ADDRESS         
           =====                   =======         
           port1_isr_tbl           0000020D 
    -------------------------------------------------------------------------
XDATA_Z
  Relative segment, address: XDATA 0000021D - 00000226 (0xa bytes), align: 0
  Segment part 32.            Intra module refs:   ?Subroutine5
           LOCAL                   ADDRESS         
           =====                   =======         
           port2_isr_tbl           0000021D 
    -------------------------------------------------------------------------
NEAR_CODE
  Relative segment, address: CODE 00000591 - 000005CF (0x3f bytes), align: 0
  Segment part 55.            Intra module refs:   port0_ISR::??INTVEC 107
           ENTRY                   ADDRESS         REF BY
           =====                   =======         ======
           port0_ISR               00000591 
               interrupt function
               XSTACK = 00000000 ( 0000000F )
    -------------------------------------------------------------------------
NEAR_CODE
  Relative segment, address: CODE 000005D0 - 000005D4 (0x5 bytes), align: 0
  Segment part 56.            Intra module refs:   port0_ISR
                                                   port1_ISR
                                                   port2_ISR
           LOCAL                   ADDRESS         
           =====                   =======         
           ?Subroutine1            000005D0 
    -------------------------------------------------------------------------
NEAR_CODE
  Relative segment, address: CODE 000005D5 - 000005E2 (0xe bytes), align: 0
  Segment part 57.            Intra module refs:   port0_ISR
           LOCAL                   ADDRESS         
           =====                   =======         
           ?Subroutine3            000005D5 
    -------------------------------------------------------------------------
NEAR_CODE
  Relative segment, address: CODE 000005E3 - 00000623 (0x41 bytes), align: 0
  Segment part 58.            Intra module refs:   port1_ISR::??INTVEC 123
           ENTRY                   ADDRESS         REF BY
           =====                   =======         ======
           port1_ISR               000005E3 
               interrupt function
               XSTACK = 00000000 ( 0000000F )
    -------------------------------------------------------------------------
NEAR_CODE
  Relative segment, address: CODE 00000624 - 00000631 (0xe bytes), align: 0
  Segment part 59.            Intra module refs:   port1_ISR
           LOCAL                   ADDRESS         
           =====                   =======         
           ?Subroutine4            00000624 
    -------------------------------------------------------------------------
NEAR_CODE
  Relative segment, address: CODE 00000632 - 00000639 (0x8 bytes), align: 0
  Segment part 60.            Intra module refs:   ?Subroutine3
                                                   ?Subroutine4
                                                   ?Subroutine5
           LOCAL                   ADDRESS         
           =====                   =======         
           ?Subroutine7            00000632 
    -------------------------------------------------------------------------
NEAR_CODE
  Relative segment, address: CODE 0000063A - 00000641 (0x8 bytes), align: 0
  Segment part 61.            Intra module refs:   ?Subroutine3
                                                   ?Subroutine4
                                                   ?Subroutine5
           LOCAL                   ADDRESS         
           =====                   =======         
           ?Subroutine6            0000063A 
    -------------------------------------------------------------------------
NEAR_CODE
  Relative segment, address: CODE 00000642 - 00000683 (0x42 bytes), align: 0
  Segment part 62.            Intra module refs:   port2_ISR::??INTVEC 51
           ENTRY                   ADDRESS         REF BY
           =====                   =======         ======
           port2_ISR               00000642 
               interrupt function
               XSTACK = 00000000 ( 0000000F )
    -------------------------------------------------------------------------
NEAR_CODE
  Relative segment, address: CODE 00000684 - 00000691 (0xe bytes), align: 0
  Segment part 63.            Intra module refs:   port2_ISR
           LOCAL                   ADDRESS         
           =====                   =======         
           ?Subroutine5            00000684 
    -------------------------------------------------------------------------
INTVEC
  Common segment, address: CODE 00000000 - 00000035 (0x36 bytes), align: 0
  Segment part 22. ROOT.
           ENTRY                   ADDRESS         REF BY
           =====                   =======         ======
           port2_ISR::??INTVEC 51
                                   00000033 
    -------------------------------------------------------------------------
INTVEC
  Common segment, address: CODE 00000000 - 0000006D (0x6e bytes), align: 0
  Segment part 23. ROOT.
           ENTRY                   ADDRESS         REF BY
           =====                   =======         ======
           port0_ISR::??INTVEC 107
                                   0000006B 
    -------------------------------------------------------------------------
INTVEC
  Common segment, address: CODE 00000000 - 0000007D (0x7e bytes), align: 0
  Segment part 24. ROOT.
           ENTRY                   ADDRESS         REF BY
           =====                   =======         ======
           port1_ISR::??INTVEC 123
                                   0000007B 

    *************************************************************************

  FILE NAME : E:\DAMH2\Zigbee Code\Code Zigbee - ZStack-CC2530-2.5.1a\Projects\zstack\swrc135b\ide\srf05_cc2530_91\iar\temp\light_switch\hal_int.r51
  PROGRAM MODULE, NAME : hal_int

  SEGMENTS IN THE MODULE
  ======================
<BANKED_CODE> 1 (was BANKED_CODE)
  Relative segment, address: CODE 00001439 - 0000143D (0x5 bytes), align: 0
  Segment part 7.             Intra module refs:   halIntOn::?relay
           ENTRY                   ADDRESS         REF BY
           =====                   =======         ======
           halIntOn                00001439 
    -------------------------------------------------------------------------
<BANKED_CODE> 1 (was BANKED_CODE)
  Relative segment, address: CODE 0000143E - 00001442 (0x5 bytes), align: 0
  Segment part 9.             Intra module refs:   halIntOff::?relay
           ENTRY                   ADDRESS         REF BY
           =====                   =======         ======
           halIntOff               0000143E 
    -------------------------------------------------------------------------
BANK_RELAYS
  Relative segment, address: CODE 00000248 - 0000024D (0x6 bytes), align: 0
  Segment part 8.
           ENTRY                   ADDRESS         REF BY
           =====                   =======         ======
           halIntOn::?relay        00000248        basicRfInit (basic_rf)
                                                   basicRfReceive (basic_rf)
                                                   basicRfRxFrmDoneIsr (basic_rf)
                                                   halBoardInit (hal_board)
                                                   main (light_switch)
    -------------------------------------------------------------------------
BANK_RELAYS
  Relative segment, address: CODE 0000024E - 00000253 (0x6 bytes), align: 0
  Segment part 10.
           ENTRY                   ADDRESS         REF BY
           =====                   =======         ======
           halIntOff::?relay       0000024E        basicRfInit (basic_rf)
                                                   basicRfReceive (basic_rf)
                                                   basicRfRxFrmDoneIsr (basic_rf)
                                                   main (light_switch)

    *************************************************************************

  FILE NAME : E:\DAMH2\Zigbee Code\Code Zigbee - ZStack-CC2530-2.5.1a\Projects\zstack\swrc135b\ide\srf05_cc2530_91\iar\temp\light_switch\hal_joystick.r51
  PROGRAM MODULE, NAME : hal_joystick

  SEGMENTS IN THE MODULE
  ======================
<BANKED_CODE> 1 (was BANKED_CODE)
  Relative segment, address: CODE 00000FDE - 00000FEC (0xf bytes), align: 0
  Segment part 12.            Intra module refs:   halJoystickInit::?relay
           ENTRY                   ADDRESS         REF BY
           =====                   =======         ======
           halJoystickInit         00000FDE 
    -------------------------------------------------------------------------
<BANKED_CODE> 1 (was BANKED_CODE)
  Relative segment, address: CODE 00000FED - 0000103C (0x50 bytes), align: 0
  Segment part 14.            Intra module refs:   halJoystickPushed::?relay
           ENTRY                   ADDRESS         REF BY
           =====                   =======         ======
           halJoystickPushed       00000FED 
               calls direct
               XSTACK = 00000000 ( 0000000A )
    -------------------------------------------------------------------------
XDATA_Z
  Relative segment, address: XDATA 00000227 - 00000227 (0x1 bytes), align: 0
  Segment part 11.            Intra module refs:   halJoystickPushed
           LOCAL                   ADDRESS         
           =====                   =======         
           halJoystickPushed::prevValue
                                   00000227 
    -------------------------------------------------------------------------
<BANKED_CODE> 1 (was BANKED_CODE)
  Relative segment, address: CODE 0000103D - 00001082 (0x46 bytes), align: 0
  Segment part 16.            Intra module refs:   halJoystickGetDir::?relay
           ENTRY                   ADDRESS         REF BY
           =====                   =======         ======
           halJoystickGetDir       0000103D 
               calls direct
               XSTACK = 00000000 ( 00000009 )
    -------------------------------------------------------------------------
BANK_RELAYS
  Relative segment, address: CODE 00000254 - 00000259 (0x6 bytes), align: 0
  Segment part 13.
           ENTRY                   ADDRESS         REF BY
           =====                   =======         ======
           halJoystickInit::?relay
                                   00000254        main (light_switch)
    -------------------------------------------------------------------------
BANK_RELAYS
  Relative segment, address: CODE 0000025A - 0000025F (0x6 bytes), align: 0
  Segment part 15.
           ENTRY                   ADDRESS         REF BY
           =====                   =======         ======
           halJoystickPushed::?relay
                                   0000025A        main (light_switch)
    -------------------------------------------------------------------------
BANK_RELAYS
  Relative segment, address: CODE 00000260 - 00000265 (0x6 bytes), align: 0
  Segment part 17.
           ENTRY                   ADDRESS         REF BY
           =====                   =======         ======
           halJoystickGetDir::?relay
                                   00000260        utilMenuSelect (util_lcd)

    *************************************************************************

  FILE NAME : E:\DAMH2\Zigbee Code\Code Zigbee - ZStack-CC2530-2.5.1a\Projects\zstack\swrc135b\ide\srf05_cc2530_91\iar\temp\light_switch\hal_lcd_srf05.r51
  PROGRAM MODULE, NAME : hal_lcd_srf05

  SEGMENTS IN THE MODULE
  ======================
SFR_AN
  Relative segment, address: DATA 000000F9 - 000000F9 (0x1 bytes), align: 0
  Segment part 6. ROOT.       Intra module refs:   lcdControl
                                                   lcdWrite
                                                   lcdWriteMany
           ENTRY                   ADDRESS         REF BY
           =====                   =======         ======
           U1DBUF                  000000F9 
    -------------------------------------------------------------------------
XDATA_Z
  Relative segment, address: XDATA 00000228 - 00000237 (0x10 bytes), align: 0
  Segment part 14.            Intra module refs:   ?Subroutine9
                                                   halLcdWriteLine
           LOCAL                   ADDRESS         
           =====                   =======         
           pLcdLineBuffer          00000228 
    -------------------------------------------------------------------------
<BANKED_CODE> 1 (was BANKED_CODE)
  Relative segment, address: CODE 00000BAB - 00000BBA (0x10 bytes), align: 0
  Segment part 17.            Intra module refs:   lcdControl::?relay
           LOCAL                   ADDRESS         
           =====                   =======         
           lcdControl              00000BAB 
               XSTACK = 0000000C ( 00000000 )
    -------------------------------------------------------------------------
<BANKED_CODE> 1 (was BANKED_CODE)
  Relative segment, address: CODE 00000BBB - 00000BBF (0x5 bytes), align: 0
  Segment part 19.            Intra module refs:   lcdControl
                                                   lcdWrite
           LOCAL                   ADDRESS         
           =====                   =======         
           ?Subroutine1            00000BBB 
    -------------------------------------------------------------------------
<BANKED_CODE> 1 (was BANKED_CODE)
  Relative segment, address: CODE 00000BC0 - 00000BD1 (0x12 bytes), align: 0
  Segment part 20.            Intra module refs:   lcdWrite::?relay
           LOCAL                   ADDRESS         
           =====                   =======         
           lcdWrite                00000BC0 
               XSTACK = 0000000C ( 00000000 )
    -------------------------------------------------------------------------
<BANKED_CODE> 1 (was BANKED_CODE)
  Relative segment, address: CODE 00000BD2 - 00000C03 (0x32 bytes), align: 0
  Segment part 22.            Intra module refs:   lcdWriteMany::?relay
           LOCAL                   ADDRESS         
           =====                   =======         
           lcdWriteMany            00000BD2 
               XSTACK = 00000009 ( 00000000 )
               ISTACK = 00000000 ( 00000002 )
    -------------------------------------------------------------------------
<BANKED_CODE> 1 (was BANKED_CODE)
  Relative segment, address: CODE 00000C04 - 00000C0A (0x7 bytes), align: 0
  Segment part 24.            Intra module refs:   halLcdInit
                                                   lcdWriteMany
           LOCAL                   ADDRESS         
           =====                   =======         
           ?Subroutine0            00000C04 
    -------------------------------------------------------------------------
<BANKED_CODE> 1 (was BANKED_CODE)
  Relative segment, address: CODE 00000C0B - 00000C2C (0x22 bytes), align: 0
  Segment part 25.            Intra module refs:   lcdWriteLine::?relay
           LOCAL                   ADDRESS         
           =====                   =======         
           lcdWriteLine            00000C0B 
               calls direct
               XSTACK = 0000000D ( 00000009 )
    -------------------------------------------------------------------------
<BANKED_CODE> 1 (was BANKED_CODE)
  Relative segment, address: CODE 00000C2D - 00000C3D (0x11 bytes), align: 0
  Segment part 27.            Intra module refs:   halLcdWriteChar
                                                   halLcdWriteSpecChar
           LOCAL                   ADDRESS         
           =====                   =======         
           ?Subroutine2            00000C2D 
    -------------------------------------------------------------------------
<BANKED_CODE> 1 (was BANKED_CODE)
  Relative segment, address: CODE 00000C3E - 00000C45 (0x8 bytes), align: 0
  Segment part 28.            Intra module refs:   ?Subroutine2
                                                   halLcdSetContrast
    -------------------------------------------------------------------------
<BANKED_CODE> 1 (was BANKED_CODE)
  Relative segment, address: CODE 00000C46 - 00000C4A (0x5 bytes), align: 0
  Segment part 29.            Intra module refs:   Segment part 28
                                                   halLcdClear
                                                   halLcdClearAllSpecChars
                                                   lcdWriteLine
    -------------------------------------------------------------------------
<BANKED_CODE> 1 (was BANKED_CODE)
  Relative segment, address: CODE 00000C4B - 00000C8C (0x42 bytes), align: 0
  Segment part 30.            Intra module refs:   halLcdInit::?relay
           ENTRY                   ADDRESS         REF BY
           =====                   =======         ======
           halLcdInit              00000C4B 
               calls direct
               ISTACK = 00000000 ( 00000002 )
    -------------------------------------------------------------------------
<BANKED_CODE> 1 (was BANKED_CODE)
  Relative segment, address: CODE 00000C8D - 00000CA1 (0x15 bytes), align: 0
  Segment part 32.            Intra module refs:   halLcdClear::?relay
           ENTRY                   ADDRESS         REF BY
           =====                   =======         ======
           halLcdClear             00000C8D 
               calls direct
               XSTACK = 00000000 ( 00000009 )
    -------------------------------------------------------------------------
<BANKED_CODE> 1 (was BANKED_CODE)
  Relative segment, address: CODE 00000CA2 - 00000CAC (0xb bytes), align: 0
  Segment part 34.            Intra module refs:   halLcdSetContrast::?relay
           ENTRY                   ADDRESS         REF BY
           =====                   =======         ======
           halLcdSetContrast       00000CA2 
               calls direct
               XSTACK = 00000000 ( 00000009 )
    -------------------------------------------------------------------------
<BANKED_CODE> 1 (was BANKED_CODE)
  Relative segment, address: CODE 00000CAD - 00000CB1 (0x5 bytes), align: 0
  Segment part 36.            Intra module refs:   halLcdGetLineLength::?relay
           ENTRY                   ADDRESS         REF BY
           =====                   =======         ======
           halLcdGetLineLength     00000CAD 
    -------------------------------------------------------------------------
<BANKED_CODE> 1 (was BANKED_CODE)
  Relative segment, address: CODE 00000CB2 - 00000CB4 (0x3 bytes), align: 0
  Segment part 40.            Intra module refs:   halLcdWriteChar::?relay
           ENTRY                   ADDRESS         REF BY
           =====                   =======         ======
           halLcdWriteChar         00000CB2 
               calls direct
[...]
  Segment part 2.             Intra module refs:   ?S_SHL
                                                   ?S_SHL_REW

    -------------------------------------------------------------------------
  LIBRARY MODULE, NAME : ?ALLOC_XSTACK8

  SEGMENTS IN THE MODULE
  ======================
RCODE
  Relative segment, address: CODE 000003AF - 000003C4 (0x16 bytes), align: 0
  Segment part 0.
           ENTRY                   ADDRESS         REF BY
           =====                   =======         ======
           ?ALLOC_XSTACK8          000003AF        utilPrintLogo (util_lcd)

    -------------------------------------------------------------------------
  LIBRARY MODULE, NAME : ?DEALLOC_XSTACK8

  SEGMENTS IN THE MODULE
  ======================
RCODE
  Relative segment, address: CODE 000003C5 - 000003DF (0x1b bytes), align: 0
  Segment part 0.
           ENTRY                   ADDRESS         REF BY
           =====                   =======         ======
           ?DEALLOC_XSTACK8        000003C5        basicRfReceive (basic_rf)
                                                   utilPrintLogo (util_lcd)

    -------------------------------------------------------------------------
  LIBRARY MODULE, NAME : ?ADD_XSTACK_DISP8

  SEGMENTS IN THE MODULE
  ======================
RCODE
  Relative segment, address: CODE 000003E0 - 000003FA (0x1b bytes), align: 0
  Segment part 1.
           ENTRY                   ADDRESS         REF BY
           =====                   =======         ======
           ?ADD_XSTACK_DISP0_8     000003E0        ?PUSH_XSTACK_I (?PUSH_XSTACK_I)

    -------------------------------------------------------------------------
  LIBRARY MODULE, NAME : ?XSTACK_DISP8

  SEGMENTS IN THE MODULE
  ======================
RCODE
  Relative segment, address: CODE 000003FB - 00000404 (0xa bytes), align: 0
  Segment part 1.
           ENTRY                   ADDRESS         REF BY
           =====                   =======         ======
           ?XSTACK_DISP0_8         000003FB        memcpy (?memcpy)
                                                   strncpy (?strncpy)
                                                   utilPrintLogo (util_lcd)

    -------------------------------------------------------------------------
  LIBRARY MODULE, NAME : ?XSTACK_DISP8_RP

  SEGMENTS IN THE MODULE
  ======================
RCODE
  Relative segment, address: CODE 00000405 - 0000040C (0x8 bytes), align: 0
  Segment part 1.
           ENTRY                   ADDRESS         REF BY
           =====                   =======         ======
           ?XSTACK_DISP101_8       00000405        utilPrintLogo (util_lcd)
    -------------------------------------------------------------------------
RCODE
  Relative segment, address: CODE 0000040D - 00000414 (0x8 bytes), align: 0
  Segment part 2.
           ENTRY                   ADDRESS         REF BY
           =====                   =======         ======
           ?XSTACK_DISP102_8       0000040D        utilPrintLogo (util_lcd)

    -------------------------------------------------------------------------
  LIBRARY MODULE, NAME : ?CALL_IND

  SEGMENTS IN THE MODULE
  ======================
RCODE
  Relative segment, address: CODE 00000415 - 00000416 (0x2 bytes), align: 0
  Segment part 0.
           ENTRY                   ADDRESS         REF BY
           =====                   =======         ======
           ?CALL_IND               00000415        port0_ISR (hal_digio)
                                                   port1_ISR (hal_digio)
                                                   port2_ISR (hal_digio)
                                                   rfIsr (hal_rf)

    -------------------------------------------------------------------------
  LIBRARY MODULE, NAME : ?BANKED_ENTER_XDATA

  SEGMENTS IN THE MODULE
  ======================
RCODE
  Relative segment, address: CODE 00000417 - 00000482 (0x6c bytes), align: 0
  Segment part 1.
           ENTRY                   ADDRESS         REF BY
           =====                   =======         ======
           ?BANKED_ENTER_XDATA     00000417        ?Subroutine2 (hal_lcd_srf05)
                                                   adcSampleSingle (adc)
                                                   basicRfInit (basic_rf)
                                                   basicRfReceive (basic_rf)
                                                   basicRfSendPacket (basic_rf)
                                                   halJoystickGetDir (hal_joystick)
                                                   halJoystickPushed (hal_joystick)
                                                   halLcdClear (hal_lcd_srf05)
                                                   halLcdClearAllSpecChars (hal_lcd_srf05)
                                                   halLcdCreateSpecChar (hal_lcd_srf05)
                                                   halLcdSetContrast (hal_lcd_srf05)
                                                   halLcdWriteLine (hal_lcd_srf05)
                                                   halMcuWaitMs (hal_mcu)
                                                   halRfWriteTxBuf (hal_rf)
                                                   lcdWriteLine (hal_lcd_srf05)
                                                   memcpy (?memcpy)
                                                   strcat (?strcat)
                                                   strncpy (?strncpy)
                                                   utilMenuSelect (util_lcd)
                                                   utilPrintLogo (util_lcd)

    -------------------------------------------------------------------------
  LIBRARY MODULE, NAME : ?BANKED_LEAVE_XDATA

  SEGMENTS IN THE MODULE
  ======================
RCODE
  Relative segment, address: CODE 00000483 - 000004C8 (0x46 bytes), align: 0
  Segment part 1.
           ENTRY                   ADDRESS         REF BY
           =====                   =======         ======
           ?BANKED_LEAVE_XDATA     00000483        ?Subroutine0 (util_lcd)
                                                   ?Subroutine1 (util_lcd)
                                                   ?Subroutine2 (hal_rf)
                                                   ?Subroutine4 (hal_lcd_srf05)
                                                   Segment part 29 (hal_lcd_srf05)
                                                   adcSampleSingle (adc)
                                                   basicRfInit (basic_rf)
                                                   basicRfReceive (basic_rf)
                                                   basicRfSendPacket (basic_rf)
                                                   halJoystickGetDir (hal_joystick)
                                                   halJoystickPushed (hal_joystick)
                                                   halLcdWriteLine (hal_lcd_srf05)
                                                   halMcuWaitMs (hal_mcu)
                                                   memcpy (?memcpy)
                                                   strcat (?strcat)
                                                   strncpy (?strncpy)

    -------------------------------------------------------------------------
  LIBRARY MODULE, NAME : ?INTERRUPT_ENTER_XSP

  SEGMENTS IN THE MODULE
  ======================
RCODE
  Relative segment, address: CODE 000004C9 - 00000527 (0x5f bytes), align: 0
  Segment part 1.
           ENTRY                   ADDRESS         REF BY
           =====                   =======         ======
           ?INTERRUPT_ENTER_XSP    000004C9        port0_ISR (hal_digio)
                                                   port1_ISR (hal_digio)
                                                   port2_ISR (hal_digio)
                                                   rfIsr (hal_rf)

    -------------------------------------------------------------------------
  LIBRARY MODULE, NAME : ?INTERRUPT_LEAVE_XSP

  SEGMENTS IN THE MODULE
  ======================
RCODE
  Relative segment, address: CODE 00000528 - 0000057F (0x58 bytes), align: 0
  Segment part 1.
           ENTRY                   ADDRESS         REF BY
           =====                   =======         ======
           ?INTERRUPT_LEAVE_XSP    00000528        ?Subroutine1 (hal_digio)
                                                   rfIsr (hal_rf)

    -------------------------------------------------------------------------
  LIBRARY MODULE, NAME : ?PUSH_XSTACK_I

  SEGMENTS IN THE MODULE
  ======================
RCODE
  Relative segment, address: CODE 00000580 - 00000583 (0x4 bytes), align: 0
  Segment part 2.
           ENTRY                   ADDRESS         REF BY
           =====                   =======         ======
           ?PUSH_XSTACK_I_TWO      00000580        basicRfReceive (basic_rf)
                                                   utilPrintLogo (util_lcd)
    -------------------------------------------------------------------------
RCODE
  Relative segment, address: CODE 00000584 - 00000590 (0xd bytes), align: 0
  Segment part 4.             Intra module refs:   ?PUSH_XSTACK_I_TWO
           ENTRY                   ADDRESS         REF BY
           =====                   =======         ======
           ?PUSH_XSTACK_I          00000584 

    -------------------------------------------------------------------------
  LIBRARY MODULE, NAME : ?memcpy

  SEGMENTS IN THE MODULE
  ======================
<BANKED_CODE> 1 (was BANKED_CODE)
  Relative segment, address: CODE 0000133B - 00001380 (0x46 bytes), align: 0
  Segment part 6.             Intra module refs:   memcpy::?relay
           ENTRY                   ADDRESS         REF BY
           =====                   =======         ======
           memcpy                  0000133B 
               XSTACK = 00000002 ( 0000000A )
               ISTACK = 00000000 ( 00000001 )
    -------------------------------------------------------------------------
BANK_RELAYS
  Relative segment, address: CODE 00000356 - 0000035B (0x6 bytes), align: 0
  Segment part 7.
           ENTRY                   ADDRESS         REF BY
           =====                   =======         ======
           memcpy::?relay          00000356        basicRfReceive (basic_rf)

    -------------------------------------------------------------------------
  LIBRARY MODULE, NAME : ?strcat

  SEGMENTS IN THE MODULE
  ======================
<BANKED_CODE> 1 (was BANKED_CODE)
  Relative segment, address: CODE 000013C4 - 000013F9 (0x36 bytes), align: 0
  Segment part 6.             Intra module refs:   strcat::?relay
           ENTRY                   ADDRESS         REF BY
           =====                   =======         ======
           strcat                  000013C4 
               XSTACK = 00000000 ( 00000009 )
               ISTACK = 00000000 ( 00000001 )
    -------------------------------------------------------------------------
BANK_RELAYS
  Relative segment, address: CODE 0000035C - 00000361 (0x6 bytes), align: 0
  Segment part 7.
           ENTRY                   ADDRESS         REF BY
           =====                   =======         ======
           strcat::?relay          0000035C        utilPrintLogo (util_lcd)

    -------------------------------------------------------------------------
  LIBRARY MODULE, NAME : ?strlen

  SEGMENTS IN THE MODULE
  ======================
<BANKED_CODE> 1 (was BANKED_CODE)
  Relative segment, address: CODE 0000141B - 00001438 (0x1e bytes), align: 0
  Segment part 6.             Intra module refs:   strlen::?relay
           ENTRY                   ADDRESS         REF BY
           =====                   =======         ======
           strlen                  0000141B 
               ISTACK = 00000000 ( 00000002 )
    -------------------------------------------------------------------------
BANK_RELAYS
  Relative segment, address: CODE 00000362 - 00000367 (0x6 bytes), align: 0
  Segment part 7.
           ENTRY                   ADDRESS         REF BY
           =====                   =======         ======
           strlen::?relay          00000362        utilPrintLogo (util_lcd)

    -------------------------------------------------------------------------
  LIBRARY MODULE, NAME : ?strncpy

  SEGMENTS IN THE MODULE
  ======================
<BANKED_CODE> 1 (was BANKED_CODE)
  Relative segment, address: CODE 00001298 - 000012EF (0x58 bytes), align: 0
  Segment part 6.             Intra module refs:   strncpy::?relay
           ENTRY                   ADDRESS         REF BY
           =====                   =======         ======
           strncpy                 00001298 
               XSTACK = 00000002 ( 0000000A )
               ISTACK = 00000000 ( 00000001 )
    -------------------------------------------------------------------------
BANK_RELAYS
  Relative segment, address: CODE 00000368 - 0000036D (0x6 bytes), align: 0
  Segment part 7.
           ENTRY                   ADDRESS         REF BY
           =====                   =======         ======
           strncpy::?relay         00000368        utilPrintLogo (util_lcd)




                ****************************************
                *                                      *
                *            MODULE SUMMARY            *
                *                                      *
                ****************************************

Module                    CODE      DATA      XDATA  IDATA    BIT
------                    ----      ----      -----  -----    ---
                         (Rel)  (Rel)  (Abs)  (Rel)  (Rel)  (Rel)
?ADD_XSTACK_DISP8           27
?ALLOC_XSTACK8              22
?BANKED_CODE_SUPPORT        30
?BANKED_ENTER_XDATA        108
?BANKED_LEAVE_XDATA         70
?CALL_IND                    2
?DEALLOC_XSTACK8            27
?INTERRUPT_ENTER_XSP        95
?INTERRUPT_LEAVE_XSP        88
?MOVE_LONG8_XDATA_IDATA     13
?MOVE_LONG8_XDATA_XDATA     33
?PUSH_XSTACK_I              17
?S_SHL                      19
?XSTACK_DISP8               10
?XSTACK_DISP8_RP            16
?cexit                       5
?cmain                      76
?memcpy                     76
?strcat                     60
?strlen                     36
?strncpy                    94
CSTARTUP                    18
  + common                   3
VIRTUAL_REGISTERS                   8                           8
adc                         73             5
basic_rf                   834                  264
clock                      105             3
  + shared                                 1
hal_assert                  39
hal_board                  116             5
  + shared                                11
hal_button                  81
hal_digio                  257            10     42
  + shared                 126             3
  + common
hal_int                     22
hal_joystick               183                    1
hal_lcd_srf05              500             1     16
hal_led                    104                    1
hal_mcu                    151             1
hal_rf                     538             5      4
  + common                 134
hal_rf_security                            3
light_switch               357                   90
util                       184                   55
util_lcd                   567                   86
N/A (command line)                  8           256     64
N/A (alignment)
----------               -----     --     --    ---     --      -
Total:                   5 053     16     48    815     64      8
  + common                 134


                ****************************************
                *                                      *
                *      SEGMENTS IN ADDRESS ORDER       *
                *                                      *
                ****************************************


SEGMENT              SPACE    START ADDRESS   END ADDRESS     SIZE  TYPE  ALIGN
=======              =====    =============   ===========     ====  ====  =====
INTVEC               CODE          00000000 - 00000085          86   com    0
CSTART               CODE          00000086 - 00000106          81   rel    0
IXDATA_ID            CODE               00000107                     dse    0
IDATA_ID             CODE               00000107                     dse    0
BDATA_ID             CODE               00000107                     dse    0
PDATA_ID             CODE               00000107                     dse    0
BIT_ID               CODE               00000107                     dse    0
DATA_ID              CODE               00000107                     dse    0
XDATA_ID             CODE          00000107 - 000001F3          ED   rel    0
BANK_RELAYS          CODE          000001F4 - 0000036D         17A   rel    0
RCODE                CODE          0000036E - 00000590         223   rel    0
CODE_C               CODE               00000591                     dse    0
DIFUNCT              CODE               00000591                     dse    0
CODE_N               CODE               00000591                     dse    0
NEAR_CODE            CODE          00000591 - 000006C9         139   rel    0
<BANKED_CODE> 1      CODE          000006CA - 00001442         D79   rel    0
REGISTERS            DATA          00000000 - 00000007           8   rel    0
VREG                 DATA          00000008 - 0000000D           6   rel    0
PSP                  DATA               0000000E                     dse    0
XSP                  DATA          0000000E - 0000000F           2   rel    0
BREG                 BIT        00000020.0  -  00000020.7        8   rel    0
SFR_AN               DATA          00000080 - 00000080           1   rel    0
                     DATA          00000088 - 0000008D           6 
                     DATA          0000008F - 00000091           3 
                     DATA          0000009A - 0000009B           2 
                     DATA          0000009D - 0000009E           2 
                     DATA          000000A0 - 000000A0           1 
                     DATA          000000A8 - 000000A8           1 
                     DATA          000000AB - 000000AC           2 
                     DATA          000000B1 - 000000B3           3 
                     DATA          000000B6 - 000000B6           1 
                     DATA          000000B8 - 000000B8           1 
                     DATA          000000BA - 000000BB           2 
                     DATA          000000BE - 000000BE           1 
                     DATA          000000C0 - 000000C0           1 
                     DATA          000000C6 - 000000C6           1 
                     DATA          000000C9 - 000000C9           1 
                     DATA          000000D9 - 000000D9           1 
                     DATA          000000E1 - 000000E1           1 
                     DATA          000000E8 - 000000E9           2 
                     DATA          000000F1 - 000000FF           F 
XSTACK               XDATA         00000001 - 00000100         100   rel    0
XDATA_Z              XDATA         00000101 - 00000242         142   rel    0
XDATA_I              XDATA         00000243 - 0000032F          ED   rel    0
ISTACK               IDATA         000000C0 - 000000FF          40   rel    0

                ****************************************
                *                                      *
                *        END OF CROSS REFERENCE        *
                *                                      *
                ****************************************

 5 187 bytes of CODE  memory
    16 bytes of DATA  memory (+ 48 absolute )
   815 bytes of XDATA memory
    64 bytes of IDATA memory
     8 bits  of BIT   memory

Errors: none
Warnings: none

